// Jest Snapshot v1, https://goo.gl/fbAQLP

exports[`InlineError should render correctly 1`] = `
<div
  className="invalid-feedback"
>
  this is an error message
</div>
`;
