// Jest Snapshot v1, https://goo.gl/fbAQLP

exports[`Message Alert should render correctly 1`] = `
<div
  className="alert alert-info"
  role="alert"
>
  test msg
</div>
`;
