// Jest Snapshot v1, https://goo.gl/fbAQLP

exports[`NavBar should render correctly 1`] = `
<nav
  className="navbar navbar-expand-md navbar-dark fixed-top bg-dark"
>
  <Link
    className="navbar-brand"
    href="/"
    replace={false}
    to="/"
  >
    Book A Meal
  </Link>
  <button
    aria-controls="navbarCollapse"
    aria-expanded="false"
    aria-label="Toggle navigation"
    className="navbar-toggler"
    data-target="#navbarCollapse"
    data-toggle="collapse"
    type="button"
  >
    <span
      className="navbar-toggler-icon"
    />
  </button>
  <div
    className="collapse navbar-collapse"
    id="navbarCollapse"
  >
    <ul
      className="navbar-nav mr-auto"
    >
      <li
        className="nav-item active"
      >
        <Link
          className="nav-link"
          href="/"
          replace={false}
          to="/"
        >
          Home
          <span
            className="sr-only"
          >
            (current)
          </span>
        </Link>
      </li>
    </ul>
    <ul
      className="navbar-nav pull-right"
    >
      <li
        className="nav-item"
      >
        <Link
          className="nav-link"
          href="/business/signup"
          replace={false}
          to="/business/signup"
        >
          Sign up as a caterer
        </Link>
      </li>
      <li
        className="nav-item"
      >
        <Link
          className="nav-link"
          href="/signup"
          replace={false}
          to="/signup"
        >
          Sign up as customer
        </Link>
      </li>
      <li
        className="nav-item"
      >
        <Link
          className="nav-link"
          href="/login"
          replace={false}
          to="/login"
        >
          Log In
        </Link>
      </li>
    </ul>
  </div>
</nav>
`;
