// Jest Snapshot v1, https://goo.gl/fbAQLP

exports[`Footer should render correctly 1`] = `
<footer
  className="footer"
>
  <div
    className="container"
  >
    <span
      className="text-muted"
    >
      Book A Meal
    </span>
  </div>
</footer>
`;
