// Jest Snapshot v1, https://goo.gl/fbAQLP

exports[`AdminRoute should render correctly 1`] = `
<Route
  render={[Function]}
/>
`;
