// Jest Snapshot v1, https://goo.gl/fbAQLP

exports[`AuthenticatedRoute should render correctly 1`] = `
<Route
  render={[Function]}
/>
`;
