// Jest Snapshot v1, https://goo.gl/fbAQLP

exports[`LoginForm should render correctly 1`] = `
<form
  autoComplete="off"
  onSubmit={[Function]}
>
  <FormInput
    label="Email"
    name="email"
    onChange={[Function]}
    type="email"
    value=""
  />
  <FormInput
    label="Password"
    name="password"
    onChange={[Function]}
    type="password"
    value=""
  />
  <button
    className="btn btn-primary btn-submit"
    type="submit"
  >
    Log In
  </button>
  <p>
    Do not have an account?
    <Link
      href="/signup"
      replace={false}
      to="/signup"
    >
      Signup
    </Link>
  </p>
</form>
`;
