// Jest Snapshot v1, https://goo.gl/fbAQLP

exports[`EditMealPage should render correctly 1`] = `
<div
  className="container"
>
  <h5>
    Edit Meal: 
  </h5>
  <Component
    component="div"
    loaded={true}
    loadedClassName="loadedContent"
    parentClassName="loader"
  >
    <div
      className="modal-dialog"
      role="document"
    >
      <div
        className="modal-content"
      >
        <div
          className="modal-header"
        />
        <div
          className="modal-body"
        >
          <form>
            <FormInput
              label="Title"
              name="title"
              onChange={[Function]}
              type="text"
              value=""
            />
            <FormInput
              label="Price"
              name="price"
              onChange={[Function]}
              type="text"
              value=""
            />
            <div
              className="form-group"
            >
              <label
                htmlFor="desc"
              >
                Description
              </label>
              <textarea
                className="form-control"
                cols="20"
                id="desc"
                name="description"
                onChange={[Function]}
                rows="5"
                value=""
              />
            </div>
            <input
              className="form-control"
              name="image"
              type="file"
            />
          </form>
        </div>
        <div
          className="modal-footer"
        >
          <button
            className="btn btn-secondary"
            data-dismiss="modal"
            type="button"
          >
            Close
          </button>
          <button
            className="btn-save btn btn-primary"
            onClick={[Function]}
            type="button"
          >
            Save
          </button>
        </div>
      </div>
    </div>
  </Component>
</div>
`;
