// Jest Snapshot v1, https://goo.gl/fbAQLP

exports[`MealsPage should render correctly 1`] = `
<div>
  <div
    className="container"
  >
    <section>
      <div>
        <button
          className="btn btn-primary"
          data-target="#mealModal"
          data-toggle="modal"
          type="button"
        >
          New Meal
        </button>
      </div>
    </section>
    <Component
      component="div"
      loaded={true}
      loadedClassName="loadedContent"
      parentClassName="loader"
    >
      <div
        className="row"
      />
    </Component>
    <div
      className="modal fade"
      id="mealModal"
    >
      <div
        className="modal-dialog"
        role="document"
      >
        <div
          className="modal-content"
        >
          <div
            className="modal-header"
          >
            <h5
              className="modal-title"
              id="mealModalLabel"
            >
              New Meal
            </h5>
            <button
              aria-label="Close"
              className="close"
              data-dismiss="modal"
              type="button"
            >
              <span
                aria-hidden="true"
              >
                ×
              </span>
            </button>
          </div>
          <div
            className="modal-body"
          >
            <form>
              <FormInput
                label="Title"
                name="title"
                onChange={[Function]}
                type="text"
                value=""
              />
              <FormInput
                label="Price"
                name="price"
                onChange={[Function]}
                type="text"
                value=""
              />
              <div
                className="form-group"
              >
                <label
                  htmlFor="desc"
                >
                  Description
                </label>
                <textarea
                  className="form-control"
                  cols="20"
                  id="desc"
                  name="description"
                  onChange={[Function]}
                  rows="5"
                  value=""
                />
              </div>
            </form>
          </div>
          <div
            className="modal-footer"
          >
            <button
              className="btn btn-secondary"
              data-dismiss="modal"
              type="button"
            >
              Close
            </button>
            <button
              className="btn-save btn btn-primary"
              onClick={[Function]}
              type="button"
            >
              Save
            </button>
          </div>
        </div>
      </div>
    </div>
    <div
      className="modal fade"
      id="confirmDel"
    >
      <div
        className="modal-dialog"
        role="document"
      >
        <div
          className="modal-content"
        >
          <div
            className="modal-header"
          >
            <h5
              className="modal-title"
              id="mealModalLabel"
            >
              Confirm Deletion
            </h5>
            <button
              aria-label="Close"
              className="close"
              data-dismiss="modal"
              type="button"
            >
              <span
                aria-hidden="true"
              >
                ×
              </span>
            </button>
          </div>
          <div
            className="modal-body"
          >
            <p>
              Are you sure you want to remove this meal.
            </p>
          </div>
          <div
            className="modal-footer"
          >
            <button
              className="btn btn-secondary"
              data-dismiss="modal"
              type="button"
            >
              No
            </button>
            <button
              className="btn btn-primary"
              onClick={[Function]}
              type="button"
            >
              Yes
            </button>
          </div>
        </div>
      </div>
    </div>
  </div>
  <Footer />
</div>
`;
