// Jest Snapshot v1, https://goo.gl/fbAQLP

exports[`OrderMealModal should render correctly 1`] = `
<div
  className="modal fade"
  id="orderModal"
>
  <div
    className="modal-dialog"
    role="document"
  >
    <div
      className="modal-content"
    >
      <div
        className="modal-header"
      >
        <h5
          className="modal-title"
          id="mealModalLabel"
        >
          menu title
        </h5>
        <button
          aria-label="Close"
          className="close"
          data-dismiss="modal"
          id="btn-close-modal"
          type="button"
        >
          <span
            aria-hidden="true"
          >
            Ã—
          </span>
        </button>
      </div>
      <div
        className="modal-body"
      >
        <div
          className="form-group meal-order-item"
          key="1"
        >
          <input
            checked={false}
            onChange={[Function]}
            type="checkbox"
          />
          <label
            className="ml-2"
            htmlFor="title"
          >
            meal title
          </label>
          <label
            className="float-right"
            htmlFor="price"
            style={
              Object {
                "color": "#00a1e0",
              }
            }
          >
            UGX
            5000
          </label>
          <p
            style={
              Object {
                "fontSize": "14px",
              }
            }
          >
            <i>
              meal desc
            </i>
          </p>
        </div>
        <hr />
        <div
          className="row"
        >
          <div
            className="col-md-5 input-group"
          >
            <div
              className="input-group-prepend"
            >
              <button
                className="btn btn-primary"
                onClick={[Function]}
              >
                <i
                  className="fa fa-minus"
                />
              </button>
            </div>
            <input
              className="form-control"
              readOnly={true}
              type="text"
              value={1}
            />
            <div
              className="input-group-prepend"
            >
              <button
                className="btn btn-primary"
                onClick={[Function]}
              >
                <i
                  className="fa fa-plus"
                />
              </button>
            </div>
          </div>
          <div
            className="col-md-4"
            style={
              Object {
                "fontWeight": "bold",
                "textAlign": "center",
              }
            }
          >
            UGX 
            0
          </div>
          <div
            className="col-md-3"
          >
            <button
              className="btn-save btn btn-primary"
              disabled={true}
              onClick={[Function]}
              type="button"
            >
              Order
            </button>
          </div>
        </div>
      </div>
    </div>
  </div>
</div>
`;
