// Jest Snapshot v1, https://goo.gl/fbAQLP

exports[`Meals should render correctly 1`] = `
<Meals
  deleteMeal={[Function]}
  getMeals={[Function]}
  meals={Array []}
  postMeal={[Function]}
  setMessage={[Function]}
>
  <div>
    <div
      className="container"
    >
      <section>
        <div>
          <button
            className="btn btn-primary"
            data-target="#mealModal"
            data-toggle="modal"
            type="button"
          >
            New Meal
          </button>
        </div>
      </section>
      <Component
        component="div"
        loaded={false}
        loadedClassName="loadedContent"
        parentClassName="loader"
      >
        <div
          className="loader"
          key="loader"
        />
      </Component>
      <div
        className="modal fade"
        id="mealModal"
      >
        <div
          className="modal-dialog"
          role="document"
        >
          <div
            className="modal-content"
          >
            <div
              className="modal-header"
            >
              <h5
                className="modal-title"
                id="mealModalLabel"
              >
                New Meal
              </h5>
              <button
                aria-label="Close"
                className="close"
                data-dismiss="modal"
                type="button"
              >
                <span
                  aria-hidden="true"
                >
                  ×
                </span>
              </button>
            </div>
            <div
              className="modal-body"
            >
              <form>
                <FormInput
                  label="Title"
                  name="title"
                  onChange={[Function]}
                  type="text"
                  value=""
                >
                  <div
                    className="form-group"
                  >
                    <label
                      htmlFor="title"
                    >
                      Title
                    </label>
                    <input
                      autoComplete="off"
                      className="form-control"
                      id="title"
                      name="title"
                      onChange={[Function]}
                      type="text"
                      value=""
                    />
                  </div>
                </FormInput>
                <FormInput
                  label="Price"
                  name="price"
                  onChange={[Function]}
                  type="text"
                  value=""
                >
                  <div
                    className="form-group"
                  >
                    <label
                      htmlFor="price"
                    >
                      Price
                    </label>
                    <input
                      autoComplete="off"
                      className="form-control"
                      id="price"
                      name="price"
                      onChange={[Function]}
                      type="text"
                      value=""
                    />
                  </div>
                </FormInput>
                <div
                  className="form-group"
                >
                  <label
                    htmlFor="desc"
                  >
                    Description
                  </label>
                  <textarea
                    className="form-control"
                    cols="20"
                    id="desc"
                    name="description"
                    onChange={[Function]}
                    rows="5"
                    value=""
                  />
                </div>
              </form>
            </div>
            <div
              className="modal-footer"
            >
              <button
                className="btn btn-secondary"
                data-dismiss="modal"
                id="close-btn"
                type="button"
              >
                Close
              </button>
              <button
                className="btn-save btn btn-primary"
                onClick={[Function]}
                type="button"
              >
                Save
              </button>
            </div>
          </div>
        </div>
      </div>
      <DeleteModal
        confirmDeletion={[Function]}
        title="meal"
      >
        <div
          className="modal fade"
          id="confirmDel"
        >
          <div
            className="modal-dialog"
            role="document"
          >
            <div
              className="modal-content"
            >
              <div
                className="modal-header"
              >
                <h5
                  className="modal-title"
                  id="mealModalLabel"
                >
                  Confirm Deletion
                </h5>
                <button
                  aria-label="Close"
                  className="close"
                  data-dismiss="modal"
                  type="button"
                >
                  <span
                    aria-hidden="true"
                  >
                    ×
                  </span>
                </button>
              </div>
              <div
                className="modal-body"
              >
                <p>
                  Are you sure you want to remove this 
                  meal
                  .
                </p>
              </div>
              <div
                className="modal-footer"
              >
                <button
                  className="btn btn-secondary"
                  data-dismiss="modal"
                  id="btn-no"
                  type="button"
                >
                  No
                </button>
                <button
                  className="btn-del btn btn-primary"
                  onClick={[Function]}
                  type="button"
                >
                  Yes
                </button>
              </div>
            </div>
          </div>
        </div>
      </DeleteModal>
    </div>
    <Footer>
      <footer
        className="footer"
      >
        <div
          className="container"
        >
          <span
            className="text-muted"
          >
            Book A Meal
          </span>
        </div>
      </footer>
    </Footer>
  </div>
</Meals>
`;
