// Jest Snapshot v1, https://goo.gl/fbAQLP

exports[`MenusPage should render correctly 1`] = `
<div
  className="container"
>
  <div
    className="row"
  >
    <div
      className="col-md-6"
    >
      <div
        className="stat"
      >
        <h2>
          0
           
          <i
            className="fa fa-bars"
          />
        </h2>
        <label
          htmlFor="menus"
        >
          Menus
        </label>
      </div>
    </div>
    <div
      className="col-md-6"
    >
      <div
        className="stat"
      >
        <Link
          className="btn btn-primary"
          href="/admin/menus/new"
          replace={false}
          to="/admin/menus/new"
        >
          Set New Menu
        </Link>
      </div>
    </div>
  </div>
  <hr />
  <section>
    <h4>
      Available Menus
    </h4>
    <hr />
    <Component
      component="div"
      loaded={false}
      loadedClassName="loadedContent"
      parentClassName="loader"
    >
      <table
        className="table table-striped"
        id="dtable"
      >
        <thead>
          <tr
            role="row"
          >
            <th>
              Menu Date
            </th>
            <th>
              Picture
            </th>
            <th>
              Meals
            </th>
            <th>
              Description
            </th>
            <th>
              Action
            </th>
          </tr>
        </thead>
        <tbody />
      </table>
    </Component>
    <DeleteModal
      confirmDeletion={[Function]}
      title="menu"
    />
  </section>
</div>
`;
